// Jest Snapshot v1, https://goo.gl/fbAQLP

exports[`should render CharacterList with characters 1`] = `
<div>
  <div>
    <CharacterListItem
      abilities={
        Object {
          "charisma": 9,
          "constitution": 9,
          "dexterity": 9,
          "intelligence": 14,
          "strength": 11,
          "wisdom": 11,
        }
      }
      charClass="magic-user"
      description="Loves his Mom"
      equipment={
        Array [
          0,
          1,
        ]
      }
      gold={109}
      hp={1}
      id="3a7b71ef-fb4e-4bde-a2c8-17cd5b9f4097"
      inProgressStep={2}
      key="3a7b71ef-fb4e-4bde-a2c8-17cd5b9f4097"
      name="Rick Slick"
      race="human"
      spells={
        Array [
          "1",
        ]
      }
      weapons={
        Array [
          "1",
        ]
      }
      xp={0}
    />
    <CharacterListItem
      abilities={
        Object {
          "charisma": 10,
          "constitution": 9,
          "dexterity": 9,
          "intelligence": 9,
          "strength": 10,
          "wisdom": 10,
        }
      }
      charClass="cleric"
      description="He has got goats running wild!"
      equipment={
        Array [
          1,
        ]
      }
      gold={123}
      hp={2}
      id="1d871f50-fd02-467a-8611-0599cde106f3"
      inProgressStep={2}
      key="1d871f50-fd02-467a-8611-0599cde106f3"
      name="Sweeney Dixon"
      race="dwarf"
      xp={0}
    />
    <CharacterListItem
      abilities={
        Object {
          "charisma": 9,
          "constitution": 14,
          "dexterity": 15,
          "intelligence": 10,
          "strength": 11,
          "wisdom": 9,
        }
      }
      charClass="fighter"
      description="publishes Golf Wolf Magazine"
      equipment={
        Array [
          0,
          3,
        ]
      }
      gold={41}
      hp={2}
      id="efc641b5-7643-416a-a627-ca269952a82a"
      inProgressStep={2}
      key="efc641b5-7643-416a-a627-ca269952a82a"
      name="Buck Pucker"
      race="halfling"
      xp={0}
    />
    <CharacterListItem
      abilities={
        Object {
          "charisma": 9,
          "constitution": 4,
          "dexterity": 9,
          "intelligence": 9,
          "strength": 9,
          "wisdom": 4,
        }
      }
      description="low wisdom character"
      equipment={
        Array [
          0,
          3,
        ]
      }
      gold={41}
      hp={2}
      id="c7562afd-cb8c-4166-9229-ead45db9b042"
      inProgressStep={2}
      key="c7562afd-cb8c-4166-9229-ead45db9b042"
      name="Wislow"
      race="human"
      xp={0}
    />
    <CharacterListItem
      abilities={
        Object {
          "charisma": 9,
          "constitution": 9,
          "dexterity": 9,
          "intelligence": 9,
          "strength": 4,
          "wisdom": 9,
        }
      }
      description="low strength character"
      equipment={
        Array [
          0,
          3,
        ]
      }
      gold={41}
      hp={2}
      id="73776b72-ddcd-421b-be9b-a2be60971f8b"
      inProgressStep={2}
      key="73776b72-ddcd-421b-be9b-a2be60971f8b"
      name="Strlow"
      race="human"
      xp={0}
    />
    <CharacterListItem
      abilities={
        Object {
          "charisma": 9,
          "constitution": 9,
          "dexterity": 9,
          "intelligence": 4,
          "strength": 9,
          "wisdom": 9,
        }
      }
      description="low intelligence character"
      equipment={
        Array [
          0,
          3,
        ]
      }
      gold={41}
      hp={2}
      id="f223009c-6247-4b44-a0fd-5be03ea4ca9e"
      inProgressStep={2}
      key="f223009c-6247-4b44-a0fd-5be03ea4ca9e"
      name="Intlow"
      race="human"
      xp={0}
    />
    <CharacterListItem
      abilities={
        Object {
          "charisma": 9,
          "constitution": 9,
          "dexterity": 4,
          "intelligence": 9,
          "strength": 9,
          "wisdom": 9,
        }
      }
      description="low dexterity character"
      equipment={
        Array [
          0,
          3,
        ]
      }
      gold={41}
      hp={2}
      id="8ce32d3f-b5a4-4d63-8188-6f7a38abe723"
      inProgressStep={2}
      key="8ce32d3f-b5a4-4d63-8188-6f7a38abe723"
      name="Dexlow"
      race="human"
      xp={0}
    />
  </div>
</div>
`;

exports[`should render CharacterList with no characters message 1`] = `
<div>
  <p>
    You have no characters, Click below to create a character
  </p>
</div>
`;
